******************************************************************************
                  TI ARM Linker PC v20.2.7                     
******************************************************************************
>> Linked Mon Dec  9 15:05:19 2024

OUTPUT FILE NAME:   <lcd.out>
ENTRY POINT SYMBOL: "_c_int00_noargs"  address: 00001bd5


MEMORY CONFIGURATION

         name            origin    length      used     unused   attr    fill
----------------------  --------  ---------  --------  --------  ----  --------
  FLASH                 00000000   00040000  00001f6d  0003e093  R  X
  SRAM                  20000000   00008000  00000490  00007b70  RW X


SEGMENT ALLOCATION MAP

run origin  load origin   length   init length attrs members
----------  ----------- ---------- ----------- ----- -------
00000000    00000000    00001f70   00001f70    r-x
  00000000    00000000    0000026c   0000026c    r-- .intvecs
  0000026c    0000026c    00001a74   00001a74    r-x .text
  00001ce0    00001ce0    0000024d   0000024d    r-- .const
  00001f30    00001f30    00000040   00000040    r-- .cinit
20000000    20000000    00000490   00000000    rw-
  20000000    20000000    0000026c   00000000    rw- .vtable
  2000026c    2000026c    00000004   00000000    rw- .data
  20000270    20000270    00000200   00000000    rw- .stack
  20000470    20000470    00000020   00000000    rw- .bss


SECTION ALLOCATION MAP

 output                                  attributes/
section   page    origin      length       input sections
--------  ----  ----------  ----------   ----------------
.intvecs   0    00000000    0000026c     
                  00000000    0000026c     tm4c123gh6pm_startup_ccs.obj (.intvecs)

.text      0    0000026c    00001a74     
                  0000026c    00000fa4     main.obj (.text)
                  00001210    00000380     lcd.obj (.text)
                  00001590    0000016c     driverlib.lib : gpio.obj (.text:GPIOPadConfigSet)
                  000016fc    00000118                   : sysctl.obj (.text:SysCtlClockGet)
                  00001814    000000f4                   : sysctl.obj (.text:SysCtlClockSet)
                  00001908    0000009c     rtsv7M4_T_le_v4SPD16_eabi.lib : memcpy_t2.asm.obj (.text)
                  000019a4    00000068     driverlib.lib : interrupt.obj (.text:IntDisable)
                  00001a0c    00000068                   : interrupt.obj (.text:IntEnable)
                  00001a74    00000068     rtsv7M4_T_le_v4SPD16_eabi.lib : copy_decompress_lzss.c.obj (.text:decompress:lzss:__TI_decompress_lzss)
                  00001adc    0000004c     driverlib.lib : gpio.obj (.text:GPIOPinConfigure)
                  00001b28    00000044     rtsv7M4_T_le_v4SPD16_eabi.lib : autoinit.c.obj (.text:__TI_auto_init_nobinit_nopinit:__TI_auto_init_nobinit_nopinit)
                  00001b6c    00000034     driverlib.lib : interrupt.obj (.text:IntRegister)
                  00001ba0    00000034                   : sysctl.obj (.text:SysCtlPeripheralEnable)
                  00001bd4    00000034     rtsv7M4_T_le_v4SPD16_eabi.lib : boot_cortex_m.c.obj (.text:_c_int00_noargs:_c_int00_noargs)
                  00001c08    0000002c     driverlib.lib : gpio.obj (.text:GPIODirModeSet)
                  00001c34    0000001c     rtsv7M4_T_le_v4SPD16_eabi.lib : copy_zero_init.c.obj (.text:decompress:ZI:__TI_zero_init_nomemset:__TI_zero_init_nomemset)
                  00001c50    0000001a     driverlib.lib : gpio.obj (.text:GPIOPinTypeGPIOOutput)
                  00001c6a    00000016                   : gpio.obj (.text:GPIOPinTypeUART)
                  00001c80    00000014                   : interrupt.obj (.text:IntUnregister)
                  00001c94    00000010                   : interrupt.obj (.text:IntMasterEnable)
                  00001ca4    0000000e     rtsv7M4_T_le_v4SPD16_eabi.lib : copy_decompress_none.c.obj (.text:decompress:none:__TI_decompress_none)
                  00001cb2    0000000c     driverlib.lib : cpu.obj (.text:CPUcpsie)
                  00001cbe    0000000c     tm4c123gh6pm_startup_ccs.obj (.text)
                  00001cca    00000006     driverlib.lib : gpio.obj (.text:GPIOPinWrite)
                  00001cd0    00000006                   : sysctl.obj (.text:SysCtlDelay)
                  00001cd6    00000004     rtsv7M4_T_le_v4SPD16_eabi.lib : pre_init.c.obj (.text:_system_pre_init)
                  00001cda    00000004                                   : exit.c.obj (.text:abort:abort)
                  00001cde    00000002     driverlib.lib : interrupt.obj (.text:_IntDefaultHandler)

.const     0    00001ce0    0000024d     
                  00001ce0    00000090     driverlib.lib : gpio.obj (.const:g_pui32GPIOBaseAddrs)
                  00001d70    0000006c                   : sysctl.obj (.const:g_pui32Xtals)
                  00001ddc    00000060     main.obj (.const:g_ppui32TimerIntMap)
                  00001e3c    00000040     main.obj (.const:g_ppui32TimerIntMapSnowflake)
                  00001e7c    00000040     main.obj (.const:g_ppui32UARTIntMap)
                  00001ebc    00000040     main.obj (.const:g_ppui32UARTIntMapSnowflake)
                  00001efc    00000014     driverlib.lib : interrupt.obj (.const:g_pui32Dii16Regs)
                  00001f10    00000014                   : interrupt.obj (.const:g_pui32EnRegs)
                  00001f24    00000009     main.obj (.const:.string:$P$T0$1)

.cinit     0    00001f30    00000040     
                  00001f30    0000000c     (__TI_handler_table)
                  00001f3c    00000004     --HOLE-- [fill = 0]
                  00001f40    00000008     (.cinit..bss.load) [load image, compression = zero_init]
                  00001f48    00000008     (.cinit..vtable.load) [load image, compression = zero_init]
                  00001f50    00000007     (.cinit..data.load) [load image, compression = lzss]
                  00001f57    00000001     --HOLE-- [fill = 0]
                  00001f58    00000018     (__TI_cinit_table)

.init_array 
*          0    00000000    00000000     UNINITIALIZED

.vtable    0    20000000    0000026c     UNINITIALIZED
                  20000000    0000026c     driverlib.lib : interrupt.obj (.vtable)

.data      0    2000026c    00000004     UNINITIALIZED
                  2000026c    00000004     main.obj (.data)

.bss       0    20000470    00000020     UNINITIALIZED
                  20000470    00000008     (.common:receivedClock)
                  20000478    00000004     (.common:dakika_birler)
                  2000047c    00000004     (.common:dakika_onlar)
                  20000480    00000004     (.common:saat_birler)
                  20000484    00000004     (.common:saat_onlar)
                  20000488    00000004     (.common:saniye_birler)
                  2000048c    00000004     (.common:saniye_onlar)

.stack     0    20000270    00000200     UNINITIALIZED
                  20000270    00000004     rtsv7M4_T_le_v4SPD16_eabi.lib : boot_cortex_m.c.obj (.stack)
                  20000274    000001fc     --HOLE--

__llvm_prf_cnts 
*          0    20000000    00000000     UNINITIALIZED

MODULE SUMMARY

       Module                         code   ro data   rw data
       ------                         ----   -------   -------
    .\
       main.obj                       4004   297       36     
       lcd.obj                        896    0         0      
       tm4c123gh6pm_startup_ccs.obj   12     620       0      
    +--+------------------------------+------+---------+---------+
       Total:                         4912   917       36     
                                                              
    C:/ti/TivaWare_C_Series-2.2.0.295/driverlib/ccs/Debug/driverlib.lib
       interrupt.obj                  298    40        620    
       sysctl.obj                     582    108       0      
       gpio.obj                       538    144       0      
       cpu.obj                        12     0         0      
    +--+------------------------------+------+---------+---------+
       Total:                         1430   292       620    
                                                              
    C:\ti\ccs1280\ccs\tools\compiler\ti-cgt-arm_20.2.7.LTS\lib\rtsv7M4_T_le_v4SPD16_eabi.lib
       memcpy_t2.asm.obj              156    0         0      
       copy_decompress_lzss.c.obj     104    0         0      
       autoinit.c.obj                 68     0         0      
       boot_cortex_m.c.obj            52     0         0      
       copy_zero_init.c.obj           28     0         0      
       copy_decompress_none.c.obj     14     0         0      
       exit.c.obj                     4      0         0      
       pre_init.c.obj                 4      0         0      
    +--+------------------------------+------+---------+---------+
       Total:                         430    0         0      
                                                              
       Stack:                         0      0         512    
       Linker Generated:              0      59        0      
    +--+------------------------------+------+---------+---------+
       Grand Total:                   6772   1268      1168   


LINKER GENERATED COPY TABLES

__TI_cinit_table @ 00001f58 records: 3, size/record: 8, table size: 24
	.bss: load addr=00001f40, load size=00000008 bytes, run addr=20000470, run size=00000020 bytes, compression=zero_init
	.vtable: load addr=00001f48, load size=00000008 bytes, run addr=20000000, run size=0000026c bytes, compression=zero_init
	.data: load addr=00001f50, load size=00000007 bytes, run addr=2000026c, run size=00000004 bytes, compression=lzss


LINKER GENERATED HANDLER TABLE

__TI_handler_table @ 00001f30 records: 3, size/record: 4, table size: 12
	index: 0, handler: __TI_zero_init
	index: 1, handler: __TI_decompress_lzss
	index: 2, handler: __TI_decompress_none


GLOBAL SYMBOLS: SORTED ALPHABETICALLY BY Name 

address   name                          
-------   ----                          
00001cdb  C$$EXIT                       
00001cb3  CPUcpsie                      
00001c09  GPIODirModeSet                
00001591  GPIOPadConfigSet              
00001add  GPIOPinConfigure              
00001c51  GPIOPinTypeGPIOOutput         
00001c6b  GPIOPinTypeUART               
00001ccb  GPIOPinWrite                  
000019a5  IntDisable                    
00001a0d  IntEnable                     
00001c95  IntMasterEnable               
00001b6d  IntRegister                   
00001c81  IntUnregister                 
0000141b  LCD_Cursor                    
0000147d  LCD_Fonksiyon                 
00001393  LCD_Karakter                  
0000130b  LCD_Komut                     
00001465  LCD_Temizle                   
00001211  LCD_init                      
00001cbf  ResetISR                      
000016fd  SysCtlClockGet                
00001815  SysCtlClockSet                
00001cd1  SysCtlDelay                   
00001ba1  SysCtlPeripheralEnable        
00000e59  TimerADCEventGet              
00000e47  TimerADCEventSet              
00000b7d  TimerClockSourceGet           
00000b59  TimerClockSourceSet           
00000949  TimerConfigure                
00000a69  TimerControlEvent             
000009c5  TimerControlLevel             
00000a93  TimerControlStall             
000009fb  TimerControlTrigger           
00000ac9  TimerControlWaitOnTrigger     
00000e79  TimerDMAEventGet              
00000e67  TimerDMAEventSet              
0000092b  TimerDisable                  
0000090d  TimerEnable                   
00000e23  TimerIntClear                 
00000ded  TimerIntDisable               
00000dd5  TimerIntEnable                
00000d8f  TimerIntRegister              
00000e05  TimerIntStatus                
00000db7  TimerIntUnregister            
00000c47  TimerLoadGet                  
00000c7d  TimerLoadGet64                
00000c1d  TimerLoadSet                  
00000c63  TimerLoadSet64                
00000d27  TimerMatchGet                 
00000d5d  TimerMatchGet64               
00000cfd  TimerMatchSet                 
00000d43  TimerMatchSet64               
00000bb7  TimerPrescaleGet              
00000c01  TimerPrescaleMatchGet         
00000bd3  TimerPrescaleMatchSet         
00000b8d  TimerPrescaleSet              
00000b3f  TimerRTCDisable               
00000b29  TimerRTCEnable                
00000e35  TimerSynchronize              
00000e87  TimerUpdateMode               
00000caf  TimerValueGet                 
00000ccb  TimerValueGet64               
0000083d  UART9BitAddrSend              
00000817  UART9BitAddrSet               
00000801  UART9BitDisable               
000007eb  UART9BitEnable                
0000068f  UARTBreakCtl                  
000006b9  UARTBusy                      
00000637  UARTCharGet                   
0000061b  UARTCharGetNonBlocking        
00000671  UARTCharPut                   
0000064d  UARTCharPutNonBlocking        
000005df  UARTCharsAvail                
000007db  UARTClockSourceGet            
000007c7  UARTClockSourceSet            
000003af  UARTConfigGetExpClk           
00000339  UARTConfigSetExpClk           
0000078d  UARTDMADisable                
00000775  UARTDMAEnable                 
0000041f  UARTDisable                   
000004a3  UARTDisableSIR                
000003fb  UARTEnable                    
00000475  UARTEnableSIR                 
0000045f  UARTFIFODisable               
00000449  UARTFIFOEnable                
00000311  UARTFIFOLevelGet              
000002f9  UARTFIFOLevelSet              
0000059f  UARTFlowControlGet            
00000583  UARTFlowControlSet            
00000763  UARTIntClear                  
0000072d  UARTIntDisable                
00000715  UARTIntEnable                 
000006d7  UARTIntRegister               
00000745  UARTIntStatus                 
000006f5  UARTIntUnregister             
00000885  UARTLoopbackEnable            
00000539  UARTModemControlClear         
0000055d  UARTModemControlGet           
00000501  UARTModemControlSet           
0000056f  UARTModemStatusGet            
000002e7  UARTParityModeGet             
000002cb  UARTParityModeSet             
000007b7  UARTRxErrorClear              
000007a5  UARTRxErrorGet                
000004eb  UARTSmartCardDisable          
000004b9  UARTSmartCardEnable           
000005fd  UARTSpaceAvail                
000005cd  UARTTxIntModeGet              
000005b1  UARTTxIntModeSet              
20000470  __STACK_END                   
00000200  __STACK_SIZE                  
20000470  __STACK_TOP                   
00001f58  __TI_CINIT_Base               
00001f70  __TI_CINIT_Limit              
00001f30  __TI_Handler_Table_Base       
00001f3c  __TI_Handler_Table_Limit      
00001b29  __TI_auto_init_nobinit_nopinit
00001a75  __TI_decompress_lzss          
00001ca5  __TI_decompress_none          
ffffffff  __TI_pprof_out_hndl           
ffffffff  __TI_prof_data_size           
ffffffff  __TI_prof_data_start          
00000000  __TI_static_base__            
00001c35  __TI_zero_init_nomemset       
00001909  __aeabi_memcpy                
00001909  __aeabi_memcpy4               
00001909  __aeabi_memcpy8               
ffffffff  __binit__                     
ffffffff  __c_args__                    
UNDEFED   __mpu_init                    
20000270  __stack                       
20000000  __start___llvm_prf_cnts       
20000000  __stop___llvm_prf_cnts        
00001bd5  _c_int00_noargs               
UNDEFED   _system_post_cinit            
00001cd7  _system_pre_init              
00001cdb  abort                         
ffffffff  binit                         
20000478  dakika_birler                 
2000047c  dakika_onlar                  
00000ef5  diger_ayar                    
20000000  g_pfnRAMVectors               
00000000  g_pfnVectors                  
00000edb  main                          
00001909  memcpy                        
20000470  receivedClock                 
2000026c  receivedData                  
20000480  saat_birler                   
20000484  saat_onlar                    
20000488  saniye_birler                 
2000048c  saniye_onlar                  
00000f51  serikesme                     
00000ffb  timer0Int                     
00000f17  uart_ayari                    


GLOBAL SYMBOLS: SORTED BY Symbol Address 

address   name                          
-------   ----                          
00000000  __TI_static_base__            
00000000  g_pfnVectors                  
00000200  __STACK_SIZE                  
000002cb  UARTParityModeSet             
000002e7  UARTParityModeGet             
000002f9  UARTFIFOLevelSet              
00000311  UARTFIFOLevelGet              
00000339  UARTConfigSetExpClk           
000003af  UARTConfigGetExpClk           
000003fb  UARTEnable                    
0000041f  UARTDisable                   
00000449  UARTFIFOEnable                
0000045f  UARTFIFODisable               
00000475  UARTEnableSIR                 
000004a3  UARTDisableSIR                
000004b9  UARTSmartCardEnable           
000004eb  UARTSmartCardDisable          
00000501  UARTModemControlSet           
00000539  UARTModemControlClear         
0000055d  UARTModemControlGet           
0000056f  UARTModemStatusGet            
00000583  UARTFlowControlSet            
0000059f  UARTFlowControlGet            
000005b1  UARTTxIntModeSet              
000005cd  UARTTxIntModeGet              
000005df  UARTCharsAvail                
000005fd  UARTSpaceAvail                
0000061b  UARTCharGetNonBlocking        
00000637  UARTCharGet                   
0000064d  UARTCharPutNonBlocking        
00000671  UARTCharPut                   
0000068f  UARTBreakCtl                  
000006b9  UARTBusy                      
000006d7  UARTIntRegister               
000006f5  UARTIntUnregister             
00000715  UARTIntEnable                 
0000072d  UARTIntDisable                
00000745  UARTIntStatus                 
00000763  UARTIntClear                  
00000775  UARTDMAEnable                 
0000078d  UARTDMADisable                
000007a5  UARTRxErrorGet                
000007b7  UARTRxErrorClear              
000007c7  UARTClockSourceSet            
000007db  UARTClockSourceGet            
000007eb  UART9BitEnable                
00000801  UART9BitDisable               
00000817  UART9BitAddrSet               
0000083d  UART9BitAddrSend              
00000885  UARTLoopbackEnable            
0000090d  TimerEnable                   
0000092b  TimerDisable                  
00000949  TimerConfigure                
000009c5  TimerControlLevel             
000009fb  TimerControlTrigger           
00000a69  TimerControlEvent             
00000a93  TimerControlStall             
00000ac9  TimerControlWaitOnTrigger     
00000b29  TimerRTCEnable                
00000b3f  TimerRTCDisable               
00000b59  TimerClockSourceSet           
00000b7d  TimerClockSourceGet           
00000b8d  TimerPrescaleSet              
00000bb7  TimerPrescaleGet              
00000bd3  TimerPrescaleMatchSet         
00000c01  TimerPrescaleMatchGet         
00000c1d  TimerLoadSet                  
00000c47  TimerLoadGet                  
00000c63  TimerLoadSet64                
00000c7d  TimerLoadGet64                
00000caf  TimerValueGet                 
00000ccb  TimerValueGet64               
00000cfd  TimerMatchSet                 
00000d27  TimerMatchGet                 
00000d43  TimerMatchSet64               
00000d5d  TimerMatchGet64               
00000d8f  TimerIntRegister              
00000db7  TimerIntUnregister            
00000dd5  TimerIntEnable                
00000ded  TimerIntDisable               
00000e05  TimerIntStatus                
00000e23  TimerIntClear                 
00000e35  TimerSynchronize              
00000e47  TimerADCEventSet              
00000e59  TimerADCEventGet              
00000e67  TimerDMAEventSet              
00000e79  TimerDMAEventGet              
00000e87  TimerUpdateMode               
00000edb  main                          
00000ef5  diger_ayar                    
00000f17  uart_ayari                    
00000f51  serikesme                     
00000ffb  timer0Int                     
00001211  LCD_init                      
0000130b  LCD_Komut                     
00001393  LCD_Karakter                  
0000141b  LCD_Cursor                    
00001465  LCD_Temizle                   
0000147d  LCD_Fonksiyon                 
00001591  GPIOPadConfigSet              
000016fd  SysCtlClockGet                
00001815  SysCtlClockSet                
00001909  __aeabi_memcpy                
00001909  __aeabi_memcpy4               
00001909  __aeabi_memcpy8               
00001909  memcpy                        
000019a5  IntDisable                    
00001a0d  IntEnable                     
00001a75  __TI_decompress_lzss          
00001add  GPIOPinConfigure              
00001b29  __TI_auto_init_nobinit_nopinit
00001b6d  IntRegister                   
00001ba1  SysCtlPeripheralEnable        
00001bd5  _c_int00_noargs               
00001c09  GPIODirModeSet                
00001c35  __TI_zero_init_nomemset       
00001c51  GPIOPinTypeGPIOOutput         
00001c6b  GPIOPinTypeUART               
00001c81  IntUnregister                 
00001c95  IntMasterEnable               
00001ca5  __TI_decompress_none          
00001cb3  CPUcpsie                      
00001cbf  ResetISR                      
00001ccb  GPIOPinWrite                  
00001cd1  SysCtlDelay                   
00001cd7  _system_pre_init              
00001cdb  C$$EXIT                       
00001cdb  abort                         
00001f30  __TI_Handler_Table_Base       
00001f3c  __TI_Handler_Table_Limit      
00001f58  __TI_CINIT_Base               
00001f70  __TI_CINIT_Limit              
20000000  __start___llvm_prf_cnts       
20000000  __stop___llvm_prf_cnts        
20000000  g_pfnRAMVectors               
2000026c  receivedData                  
20000270  __stack                       
20000470  __STACK_END                   
20000470  __STACK_TOP                   
20000470  receivedClock                 
20000478  dakika_birler                 
2000047c  dakika_onlar                  
20000480  saat_birler                   
20000484  saat_onlar                    
20000488  saniye_birler                 
2000048c  saniye_onlar                  
ffffffff  __TI_pprof_out_hndl           
ffffffff  __TI_prof_data_size           
ffffffff  __TI_prof_data_start          
ffffffff  __binit__                     
ffffffff  __c_args__                    
ffffffff  binit                         
UNDEFED   __mpu_init                    
UNDEFED   _system_post_cinit            

[154 symbols]
